// Jest Snapshot v1, https://goo.gl/fbAQLP

exports[`Carousel renders correctly 1`] = `
.c1 {
  display: -webkit-box;
  display: -webkit-flex;
  display: -ms-flexbox;
  display: flex;
}

.c1 svg {
  width: 24px;
  height: 24px;
  -webkit-transform: rotate(270deg);
  -ms-transform: rotate(270deg);
  transform: rotate(270deg);
  fill: #FFFFFF;
}

.c1 svg g,
.c1 svg p {
  fill: #FFFFFF;
}

.c4 {
  display: -webkit-box;
  display: -webkit-flex;
  display: -ms-flexbox;
  display: flex;
}

.c4 svg {
  width: 24px;
  height: 24px;
  -webkit-transform: rotate(90deg);
  -ms-transform: rotate(90deg);
  transform: rotate(90deg);
  fill: #FFFFFF;
}

.c4 svg g,
.c4 svg p {
  fill: #FFFFFF;
}

.c0 {
  width: 100%;
  position: relative;
  margin: 0 auto;
}

.c0 .slick-slider.mms-th-slider .slick-list {
  width: 90%;
  margin: 0 auto;
  box-sizing: content-box;
}

.c0 .slick-slider.mms-th-slider .slick-list .slick-track .slick-current {
  border: 2px solid #e24c4c !important;
  box-shadow: 0 3px 4px 0 rgba(0,0,0,0.07),0 3px 3px -2px rgba(0,0,0,0.06),0 1px 8px 0 rgba(0,0,0,0.10);
}

.c0 .slick-slider.mms-th-slider .slick-list .slick-track .slick-slide {
  margin: 0 16px;
  padding: 16px;
  box-sizing: border-box;
  border: 1px solid #E5E5E5;
  border-radius: 4px;
}

.c0 .slick-slider.mms-th-slider .slick-list .slick-track .slick-slide div[tabindex] {
  outline: 0;
}

.c0 .slick-slider.mms-th-slider div[tabindex] {
  outline: 0;
  position: relative;
}

.c0 .slick-slider.mms-th-slider div[tabindex] > img {
  position: absolute;
  width: 40%;
  top: 0;
  bottom: 0;
  left: 0;
  right: 0;
  margin: auto;
}

.c0 .slick-slider {
  position: relative;
  display: block;
  box-sizing: border-box;
  -webkit-user-select: none;
  -moz-user-select: none;
  -ms-user-select: none;
  user-select: none;
  touch-action: pan-y;
  -webkit-tap-highlight-color: transparent;
}

.c0 .slick-slider .slick-list {
  position: relative;
  padding: 0 0 16px 0;
  -webkit-transform: translate3d(0,0,0);
  -ms-transform: translate3d(0,0,0);
  transform: translate3d(0,0,0);
  box-sizing: content-box;
  overflow: hidden;
  margin: 0;
}

.c0 .slick-slider .slick-list .slick-track {
  display: -webkit-box;
  display: -webkit-flex;
  display: -ms-flexbox;
  display: flex;
  position: relative;
  top: 0;
  left: 0;
  -webkit-transform: translate3d(0,0,0);
  -ms-transform: translate3d(0,0,0);
  transform: translate3d(0,0,0);
}

.c0 .slick-slider .slick-list .slick-track .slick-slide {
  display: -webkit-box;
  display: -webkit-flex;
  display: -ms-flexbox;
  display: flex;
  -webkit-align-items: center;
  -webkit-box-align: center;
  -ms-flex-align: center;
  align-items: center;
  -webkit-box-pack: center;
  -webkit-justify-content: center;
  -ms-flex-pack: center;
  justify-content: center;
  -webkit-justify-content: center;
  height: auto;
  position: relative;
  float: left;
}

.c0 .slick-slider .slick-list .slick-track .slick-slide img {
  display: block;
  margin: auto;
  max-width: 100%;
}

.c0 .slick-slider .slick-list .slick-track .slick-slide > div {
  width: 100%;
  height: 100%;
  display: -webkit-box;
  display: -webkit-flex;
  display: -ms-flexbox;
  display: flex;
}

.c0 .slick-slider .slick-next,
.c0 .slick-slider .slick-prev {
  display: none !important;
}

.c0 .slick-slider:hover .slick-next,
.c0 .slick-slider:hover .slick-prev {
  display: block !important;
}

.c0 .slick-slider .slick-dots {
  position: relative;
  list-style: none;
  display: block;
  float: left;
  margin: -16px 0 0 0;
  padding: 16px 0;
}

.c0 .slick-slider .slick-dots li {
  position: relative;
  display: inline-block;
  padding: 0;
  padding-bottom: 4px;
  margin-left: 8px;
  margin-right: 8px;
}

.c0 .slick-slider .slick-dots li:first-child {
  margin-left: 4px;
}

.c0 .slick-slider .slick-dots li div {
  border: 0;
  background-color: #E5E5E5;
  border-color: #E5E5E5;
  border-radius: 8px;
  display: block;
  height: 8px;
  width: 8px;
  outline: none;
  color: transparent;
  border-style: solid;
  border-width: 1px;
  box-sizing: border-box;
}

.c0 .slick-slider .slick-dots li.slick-active {
  padding-bottom: 0;
  margin-left: 4px;
  margin-right: 4px;
}

.c0 .slick-slider .slick-dots li.slick-active:first-child {
  margin-left: 0;
}

.c0 .slick-slider .slick-dots li.slick-active div {
  background-color: #00C8DC;
  border-color: #00C8DC;
  height: 16px;
  width: 16px;
  opacity: 1;
}

.c0 .slick-slider > .slick-arrow {
  z-index: 1;
  position: absolute;
  top: calc(50% + 16px);
  outline: 0;
  -webkit-transform: translateY(-50%);
  -ms-transform: translateY(-50%);
  transform: translateY(-50%);
  margin-top: -24px;
  border: none;
  height: 32px;
  width: 32px;
  border-radius: 4px;
  background: #000000;
}

.c0 .slick-slider > .slick-arrow svg {
  position: relative;
  cursor: pointer;
  top: 4px;
  left: 4px;
}

.c0 .slick-slider > .slick-arrow:hover {
  cursor: pointer;
}

.c0 .slick-slider > .slick-arrow.slick-disabled {
  opacity: 0;
}

.c0 .slick-slider > .slick-arrow.slick-disabled:hover {
  cursor: default;
}

.c0 .slick-slider > .slick-arrow.slick-next {
  right: 0;
  display: none !important;
}

.c0 .slick-slider > .slick-arrow.slick-prev {
  right: 0;
  display: none !important;
}

.c2 {
  outline: none;
}

.c3 {
  position: relative;
  display: -webkit-box;
  display: -webkit-flex;
  display: -ms-flexbox;
  display: flex;
  width: 100%;
  max-width: 100%;
}

.c3 img {
  object-fit: cover;
}

@media (min-width:512px) {
  .c0 .slick-slider.mms-th-slider {
    margin-top: 32px;
  }
}

@media (min-width:1232px) {
  .c0 .slick-slider:hover .slick-arrow.slick-prev,
  .c0 .slick-slider:hover .slick-arrow.slick-next {
    display: block !important;
  }
}

@media (min-width:1008px) {
  .c0 .slick-slider .slick-dots li:hover {
    padding-bottom: 0;
    margin-left: 4px;
    margin-right: 4px;
  }

  .c0 .slick-slider .slick-dots li:hover:first-child {
    margin-left: 0;
  }

  .c0 .slick-slider .slick-dots li:hover div {
    background-color: #00C8DC;
    border-color: #00C8DC;
    height: 16px;
    width: 16px;
    cursor: pointer;
  }
}

@media (min-width:752px) {
  .c0 .slick-slider > .slick-arrow.slick-next {
    right: -16px;
  }
}

@media (min-width:752px) {
  .c0 .slick-slider > .slick-arrow.slick-prev {
    left: -16px;
  }
}

@media screen and (-ms-high-contrast:active),screen and (-ms-high-contrast:none) {
  .c3 {
    max-width: 100%;
  }
}

@media screen and (-ms-high-contrast:active),screen and (-ms-high-contrast:none) {
  .c3 img {
    max-width: 100%;
    width: auto;
    height: auto;
  }
}

<div
  className="c0"
>
  <div
    className="slick-slider slick-initialized"
    dir="ltr"
  >
    <div
      className="c1 slick-arrow slick-prev slick-disabled"
      color="white"
      data-role="none"
      height={24}
      onClick={null}
      rotate={270}
      style={
        Object {
          "display": "block",
        }
      }
      width={24}
    >
      <svg
        height={80}
        width={80}
        xmlns="http://www.w3.org/2000/svg"
      >
        <path
          d="M70.56 15L80 24.44l-40 40-40-40L9.44 15 40 45.72z"
        />
      </svg>
    </div>
    <div
      className="slick-list"
      onClick={[Function]}
      onKeyDown={[Function]}
      onMouseDown={[Function]}
      onMouseLeave={null}
      onMouseMove={null}
      onMouseUp={[Function]}
      onTouchCancel={null}
      onTouchEnd={[Function]}
      onTouchMove={null}
      onTouchStart={[Function]}
      style={Object {}}
    >
      <div
        className="slick-track"
        onMouseEnter={[Function]}
        onMouseLeave={[Function]}
        onMouseOver={[Function]}
        style={
          Object {
            "WebkitTransform": "translate3d(0px, 0px, 0px)",
            "WebkitTransition": "",
            "msTransform": "translateX(0px)",
            "opacity": 1,
            "transform": "translate3d(0px, 0px, 0px)",
            "transition": "",
          }
        }
      >
        <div
          aria-hidden={false}
          className="slick-slide slick-active slick-current"
          data-index={0}
          onClick={[Function]}
          style={
            Object {
              "outline": "none",
              "width": 0,
            }
          }
          tabIndex="-1"
        >
          <div>
            <div
              className="c2"
              onClickCapture={[Function]}
              style={
                Object {
                  "display": "inline-block",
                  "width": "100%",
                }
              }
              tabIndex={-1}
            >
              <div>
                <div
                  className="c3"
                  width="100%"
                >
                  <picture
                    style={
                      Object {
                        "height": undefined,
                        "width": "100%",
                      }
                    }
                  >
                    <img
                      alt="featured-product-69001598"
                      loading="eager"
                      src="public/images/teasers/1.jpg"
                      width="100%"
                    />
                  </picture>
                </div>
              </div>
            </div>
          </div>
        </div>
        <div
          aria-hidden={true}
          className="slick-slide"
          data-index={1}
          onClick={[Function]}
          style={
            Object {
              "outline": "none",
              "width": 0,
            }
          }
          tabIndex="-1"
        >
          <div>
            <div
              className="c2"
              onClickCapture={[Function]}
              style={
                Object {
                  "display": "inline-block",
                  "width": "100%",
                }
              }
              tabIndex={-1}
            >
              <div>
                <div
                  className="c3"
                  width="100%"
                >
                  <picture
                    style={
                      Object {
                        "height": undefined,
                        "width": "100%",
                      }
                    }
                  >
                    <img
                      alt="featured-product-69001599"
                      loading="eager"
                      src="public/images/teasers/02.jpg"
                      width="100%"
                    />
                  </picture>
                </div>
              </div>
            </div>
          </div>
        </div>
        <div
          aria-hidden={true}
          className="slick-slide"
          data-index={2}
          onClick={[Function]}
          style={
            Object {
              "outline": "none",
              "width": 0,
            }
          }
          tabIndex="-1"
        >
          <div>
            <div
              className="c2"
              onClickCapture={[Function]}
              style={
                Object {
                  "display": "inline-block",
                  "width": "100%",
                }
              }
              tabIndex={-1}
            >
              <div>
                <div
                  className="c3"
                  width="100%"
                >
                  <picture
                    style={
                      Object {
                        "height": undefined,
                        "width": "100%",
                      }
                    }
                  >
                    <img
                      alt="featured-product-69001597"
                      loading="eager"
                      src="public/images/teasers/1.jpg"
                      width="100%"
                    />
                  </picture>
                </div>
              </div>
            </div>
          </div>
        </div>
        <div
          aria-hidden={true}
          className="slick-slide"
          data-index={3}
          onClick={[Function]}
          style={
            Object {
              "outline": "none",
              "width": 0,
            }
          }
          tabIndex="-1"
        >
          <div>
            <div
              className="c2"
              onClickCapture={[Function]}
              style={
                Object {
                  "display": "inline-block",
                  "width": "100%",
                }
              }
              tabIndex={-1}
            >
              <div>
                <div
                  className="c3"
                  width="100%"
                >
                  <picture
                    style={
                      Object {
                        "height": undefined,
                        "width": "100%",
                      }
                    }
                  >
                    <img
                      alt="featured-product-76257815"
                      loading="eager"
                      src="public/images/teasers/04.jpg"
                      width="100%"
                    />
                  </picture>
                </div>
              </div>
            </div>
          </div>
        </div>
        <div
          aria-hidden={true}
          className="slick-slide"
          data-index={4}
          onClick={[Function]}
          style={
            Object {
              "outline": "none",
              "width": 0,
            }
          }
          tabIndex="-1"
        >
          <div>
            <div
              className="c2"
              onClickCapture={[Function]}
              style={
                Object {
                  "display": "inline-block",
                  "width": "100%",
                }
              }
              tabIndex={-1}
            >
              <div>
                <div
                  className="c3"
                  width="100%"
                >
                  <picture
                    style={
                      Object {
                        "height": undefined,
                        "width": "100%",
                      }
                    }
                  >
                    <img
                      alt="featured-product-76257815"
                      loading="eager"
                      src="public/images/teasers/05.jpg"
                      width="100%"
                    />
                  </picture>
                </div>
              </div>
            </div>
          </div>
        </div>
      </div>
    </div>
    <div
      className="c4 slick-arrow slick-next"
      color="white"
      data-role="none"
      height={24}
      onClick={[Function]}
      rotate={90}
      style={
        Object {
          "display": "block",
        }
      }
      width={24}
    >
      <svg
        height={80}
        width={80}
        xmlns="http://www.w3.org/2000/svg"
      >
        <path
          d="M70.56 15L80 24.44l-40 40-40-40L9.44 15 40 45.72z"
        />
      </svg>
    </div>
    <ul
      className="slick-dots"
      onMouseEnter={null}
      onMouseLeave={null}
      onMouseOver={null}
      style={
        Object {
          "display": "block",
        }
      }
    >
      <li
        className="slick-active"
      >
        <div
          onClick={[Function]}
        />
      </li>
      <li
        className=""
      >
        <div
          onClick={[Function]}
        />
      </li>
      <li
        className=""
      >
        <div
          onClick={[Function]}
        />
      </li>
      <li
        className=""
      >
        <div
          onClick={[Function]}
        />
      </li>
      <li
        className=""
      >
        <div
          onClick={[Function]}
        />
      </li>
    </ul>
  </div>
</div>
`;
