// Jest Snapshot v1, https://goo.gl/fbAQLP

exports[`Product page footer renders with props 1`] = `
Array [
  .c0 {
  height: 8px;
  width: 100%;
  background: #00C8DC;
  border-width: 0;
  margin: 0;
}

@media screen and (-ms-high-contrast:active),screen and (-ms-high-contrast:none) {

}

@media screen and (-ms-high-contrast:active),screen and (-ms-high-contrast:none) {

}

@supports (display:grid) {

}

@media (min-width:512px) {

}

@media (min-width:752px) {

}

@media (min-width:1008px) {

}

@media (min-width:1232px) {

}

@supports (display:grid) {

}

@supports (display:grid) {

}

@media (min-width:512px) {

}

@media (min-width:752px) {

}

@media (min-width:1008px) {

}

@media (min-width:1232px) {

}

@media screen and (-ms-high-contrast:active),screen and (-ms-high-contrast:none) {

}

@supports (display:grid) {

}

@supports (display:grid) {

}

@media (min-width:512px) {

}

@media (min-width:752px) {

}

@media (min-width:1008px) {

}

@media (min-width:1232px) {

}

@media screen and (-ms-high-contrast:active),screen and (-ms-high-contrast:none) {

}

@supports (display:grid) {

}

@supports (display:grid) {

}

@media (min-width:512px) {

}

@media (min-width:752px) {

}

@media (min-width:1008px) {

}

@media (min-width:1232px) {

}

@media screen and (-ms-high-contrast:active),screen and (-ms-high-contrast:none) {

}

@media (min-width:320px) {

}

@media (min-width:1008px) {

}

@media (min-width:320px) {

}

@media (min-width:1008px) {

}

@media (min-width:1232px) {

}

@media (min-width:320px) {

}

@media (min-width:1008px) {

}

@media (min-width:320px) {

}

@media (min-width:1008px) {

}

<hr
    className="c0"
    color="primary"
  />,
  .c5 {
  position: relative;
  display: -webkit-box;
  display: -webkit-flex;
  display: -ms-flexbox;
  display: flex;
  width: 100%;
  max-width: 100%;
}

.c5 img {
  height: 64px;
  object-fit: contain;
}

.c13 {
  color: #999999;
  font-size: 16px;
  line-height: 24px;
  font-family: OswaldLight,Arial,sans-serif;
  font-weight: 700;
  -webkit-letter-spacing: normal;
  -moz-letter-spacing: normal;
  -ms-letter-spacing: normal;
  letter-spacing: normal;
}

.c17 {
  color: #CCCCCC;
  font-size: 14px;
  line-height: 20px;
  font-family: OswaldLight,Arial,sans-serif;
  font-weight: 400;
  -webkit-letter-spacing: normal;
  -moz-letter-spacing: normal;
  -ms-letter-spacing: normal;
  letter-spacing: normal;
}

.c4 {
  display: -webkit-box;
  display: -webkit-flex;
  display: -ms-flexbox;
  display: flex;
  -webkit-flex-direction: row;
  -ms-flex-direction: row;
  flex-direction: row;
  -webkit-box-pack: justify;
  -webkit-justify-content: space-between;
  -ms-flex-pack: justify;
  justify-content: space-between;
}

.c8 {
  display: -webkit-box;
  display: -webkit-flex;
  display: -ms-flexbox;
  display: flex;
  -webkit-flex-direction: row;
  -ms-flex-direction: row;
  flex-direction: row;
}

.c1 {
  display: -webkit-box;
  display: -webkit-flex;
  display: -ms-flexbox;
  display: flex;
  -webkit-flex-flow: row wrap;
  -ms-flex-flow: row wrap;
  flex-flow: row wrap;
  -webkit-align-items: stretch;
  -webkit-box-align: stretch;
  -ms-flex-align: stretch;
  align-items: stretch;
  margin: 0;
  margin-bottom: 0;
}

.c12 {
  display: -webkit-box;
  display: -webkit-flex;
  display: -ms-flexbox;
  display: flex;
}

.c12 svg {
  width: 25px;
  height: 25px;
  -webkit-transform: rotate(0deg);
  -ms-transform: rotate(0deg);
  transform: rotate(0deg);
  fill: #00C8DC;
}

.c12 svg g,
.c12 svg p {
  fill: #00C8DC;
}

.c2 {
  -webkit-box-flex: 1;
  -webkit-flex-grow: 1;
  -ms-flex-positive: 1;
  flex-grow: 1;
  box-sizing: border-box;
  margin: calc(16px / 2);
  width: calc(100% - 16px);
  width: calc(100% - 16px);
  -webkit-align-self: center;
  -ms-flex-item-align: center;
  align-self: center;
}

.c6 {
  -webkit-box-flex: 1;
  -webkit-flex-grow: 1;
  -ms-flex-positive: 1;
  flex-grow: 1;
  box-sizing: border-box;
  margin: calc(16px / 2);
  width: calc(100% - 16px);
  width: calc(100% - 16px);
  -webkit-align-self: center;
  -ms-flex-item-align: center;
  align-self: center;
}

.c15 {
  -webkit-box-flex: 1;
  -webkit-flex-grow: 1;
  -ms-flex-positive: 1;
  flex-grow: 1;
  box-sizing: border-box;
  margin: calc(16px / 2);
  width: calc(100% - 16px);
  width: calc(100% - 16px);
  -webkit-align-self: center;
  -ms-flex-item-align: center;
  align-self: center;
}

.c10 {
  display: -webkit-box;
  display: -webkit-flex;
  display: -ms-flexbox;
  display: flex;
  -webkit-align-items: center;
  -webkit-box-align: center;
  -ms-flex-align: center;
  align-items: center;
  width: -webkit-max-content;
  width: -moz-max-content;
  width: max-content;
  color: #999999;
  opacity: 1.0;
  -webkit-text-decoration: none;
  text-decoration: none;
  cursor: pointer;
  position: relative;
  padding: 16px;
}

.c10::after {
  content: '';
  position: absolute;
  display: block;
  bottom: -2px;
  height: 2px;
  left: 24px;
  width: calc( 100% - 24px );
  background-color: #999999;
  -webkit-transform-origin: right center;
  -ms-transform-origin: right center;
  transform-origin: right center;
  -webkit-transform: scale(0,1);
  -ms-transform: scale(0,1);
  transform: scale(0,1);
  -webkit-transition: -webkit-transform 0.25s cubic-bezier(0.37,0.31,0.2,0.85);
  -webkit-transition: transform 0.25s cubic-bezier(0.37,0.31,0.2,0.85);
  transition: transform 0.25s cubic-bezier(0.37,0.31,0.2,0.85);
}

.c10:hover::after {
  -webkit-transform-origin: left center;
  -ms-transform-origin: left center;
  transform-origin: left center;
  -webkit-transform: scale(1,1);
  -ms-transform: scale(1,1);
  transform: scale(1,1);
}

.c11 {
  margin-left: 0px;
  margin-right: 4px;
}

.c11 svg {
  height: 20px;
  width: 20px;
}

.c14 {
  display: block;
  color: #999999;
}

.c0 {
  padding: 8px 56px;
  background: #FFFFFF;
}

@media screen and (-ms-high-contrast:active),screen and (-ms-high-contrast:none) {
  .c5 {
    max-width: 107px;
  }
}

@media screen and (-ms-high-contrast:active),screen and (-ms-high-contrast:none) {
  .c5 img {
    max-width: 100%;
    width: auto;
    height: auto;
  }
}

@supports (display:grid) {
  .c1 {
    display: grid;
    grid-gap: 16px;
    grid-template-columns: repeat(4,minmax(0,1fr));
  }
}

@media (min-width:512px) {

}

@media (min-width:752px) {

}

@media (min-width:1008px) {

}

@media (min-width:1232px) {

}

@supports (display:grid) {
  .c2 {
    margin: 0;
    width: auto;
    grid-column-end: span 4;
  }
}

@supports (display:grid) {
  .c2 {
    width: auto;
    grid-column-end: span 4;
  }
}

@media (min-width:512px) {
  .c2 {
    display: block;
    margin: calc(16px / 2);
    width: calc(50% - 16px);
    width: calc(100% - 16px);
  }
}

@media (min-width:752px) {
  .c2 {
    display: block;
    margin: calc(24px / 2);
    width: calc(50% - 24px);
    width: calc(100% - 24px);
  }
}

@media (min-width:1008px) {
  .c2 {
    display: block;
    margin: calc(24px / 2);
    width: calc(33.33333% - 24px);
    width: calc(50% - 24px);
  }
}

@media (min-width:1232px) {
  .c2 {
    display: block;
    margin: calc(24px / 2);
    width: calc(33.33333% - 24px);
    width: calc(25% - 24px);
  }
}

@media screen and (-ms-high-contrast:active),screen and (-ms-high-contrast:none) {

}

@supports (display:grid) {
  .c6 {
    margin: 0;
    width: auto;
    grid-column-end: span 4;
  }
}

@supports (display:grid) {
  .c6 {
    width: auto;
    grid-column-end: span 4;
  }
}

@media (min-width:512px) {
  .c6 {
    display: block;
    margin: calc(16px / 2);
    width: calc(50% - 16px);
    width: calc(100% - 16px);
  }
}

@media (min-width:752px) {
  .c6 {
    display: block;
    margin: calc(24px / 2);
    width: calc(50% - 24px);
    width: calc(100% - 24px);
  }
}

@media (min-width:1008px) {
  .c6 {
    display: block;
    margin: calc(24px / 2);
    width: calc(33.33333% - 24px);
    width: calc(50% - 24px);
  }
}

@media (min-width:1232px) {
  .c6 {
    display: block;
    margin: calc(24px / 2);
    width: calc(33.33333% - 24px);
    width: calc(50% - 24px);
  }
}

@media screen and (-ms-high-contrast:active),screen and (-ms-high-contrast:none) {

}

@supports (display:grid) {
  .c15 {
    margin: 0;
    width: auto;
    grid-column-end: span 4;
  }
}

@supports (display:grid) {
  .c15 {
    width: auto;
    grid-column-end: span 4;
  }
}

@media (min-width:512px) {
  .c15 {
    display: block;
    margin: calc(16px / 2);
    width: calc(50% - 16px);
    width: calc(100% - 16px);
  }
}

@media (min-width:752px) {
  .c15 {
    display: block;
    margin: calc(24px / 2);
    width: calc(50% - 24px);
    width: calc(100% - 24px);
  }
}

@media (min-width:1008px) {
  .c15 {
    display: block;
    margin: calc(24px / 2);
    width: calc(33.33333% - 24px);
    width: calc(100% - 24px);
  }
}

@media (min-width:1232px) {
  .c15 {
    display: block;
    margin: calc(24px / 2);
    width: calc(33.33333% - 24px);
    width: calc(25% - 24px);
  }
}

@media screen and (-ms-high-contrast:active),screen and (-ms-high-contrast:none) {

}

@media (min-width:320px) {
  .c3 {
    width: 100%;
  }
}

@media (min-width:1008px) {
  .c3 {
    justify-self: flex-start;
    width: 100%;
  }
}

@media (min-width:320px) {
  .c16 {
    justify-self: flex-start;
    padding-left: 16px;
  }
}

@media (min-width:1008px) {
  .c16 {
    justify-self: center;
  }
}

@media (min-width:1232px) {
  .c16 {
    justify-self: flex-end;
  }
}

@media (min-width:320px) {
  .c7 {
    justify-self: flex-start;
  }
}

@media (min-width:1008px) {
  .c7 {
    justify-self: center;
  }
}

@media (min-width:320px) {
  .c9 {
    -webkit-box-pack: start;
    -webkit-justify-content: flex-start;
    -ms-flex-pack: start;
    justify-content: flex-start;
    -webkit-flex-direction: column;
    -ms-flex-direction: column;
    flex-direction: column;
  }
}

@media (min-width:1008px) {
  .c9 {
    -webkit-flex-direction: row;
    -ms-flex-direction: row;
    flex-direction: row;
    -webkit-box-pack: justify;
    -webkit-justify-content: space-between;
    -ms-flex-pack: justify;
    justify-content: space-between;
  }
}

<div
    className="c0"
  >
    <div
      className="c1"
    >
      <div
        className="c2 c3"
      >
        <div
          className="c4"
          display="flex"
        >
          <div
            className="c5"
            height="64px"
            width="107px"
          >
            <picture
              style={
                Object {
                  "height": "64px",
                  "width": "100%",
                }
              }
            >
              <img
                alt="image"
                height="64px"
                loading="eager"
                src="https://wac-cdn.atlassian.com/dam/jcr:e9ef90f9-c84a-4cba-af2f-9aa7d683ede3/Jira%20Integration.svg?cdnVersion=1324"
                width="107px"
              />
            </picture>
          </div>
        </div>
      </div>
      <div
        className="c6 c7"
      >
        <div
          className="c8 c9"
          display="flex"
        >
          <a
            className="c10"
            href="/"
            onClick={[Function]}
          >
            <span
              className="c11"
              color="grey4"
            >
              <div
                className="c12"
                color="primary"
              >
                <svg
                  viewBox="0 0 24 24"
                  xmlns="http://www.w3.org/2000/svg"
                >
                  <path
                    d="M15.78 11.28a.75.75 0 01.22.53v.38a.77.77 0 01-.22.53l-5.14 5.13a.5.5 0 01-.71 0l-.71-.71a.49.49 0 010-.7L13.67 12 9.22 7.56a.5.5 0 010-.71l.71-.7a.5.5 0 01.71 0z"
                  />
                </svg>
              </div>
            </span>
            <span
              className="c13 c14"
              color="grey4"
              fontSize="sm"
            >
              Profile
            </span>
          </a>
          <a
            className="c10"
            href="/"
            onClick={[Function]}
          >
            <span
              className="c11"
              color="grey4"
            >
              <div
                className="c12"
                color="primary"
              >
                <svg
                  viewBox="0 0 24 24"
                  xmlns="http://www.w3.org/2000/svg"
                >
                  <path
                    d="M15.78 11.28a.75.75 0 01.22.53v.38a.77.77 0 01-.22.53l-5.14 5.13a.5.5 0 01-.71 0l-.71-.71a.49.49 0 010-.7L13.67 12 9.22 7.56a.5.5 0 010-.71l.71-.7a.5.5 0 01.71 0z"
                  />
                </svg>
              </div>
            </span>
            <span
              className="c13 c14"
              color="grey4"
              fontSize="sm"
            >
              Comments
            </span>
          </a>
          <a
            className="c10"
            href="/"
            onClick={[Function]}
          >
            <span
              className="c11"
              color="grey4"
            >
              <div
                className="c12"
                color="primary"
              >
                <svg
                  viewBox="0 0 24 24"
                  xmlns="http://www.w3.org/2000/svg"
                >
                  <path
                    d="M15.78 11.28a.75.75 0 01.22.53v.38a.77.77 0 01-.22.53l-5.14 5.13a.5.5 0 01-.71 0l-.71-.71a.49.49 0 010-.7L13.67 12 9.22 7.56a.5.5 0 010-.71l.71-.7a.5.5 0 01.71 0z"
                  />
                </svg>
              </div>
            </span>
            <span
              className="c13 c14"
              color="grey4"
              fontSize="sm"
            >
              Goals
            </span>
          </a>
          <a
            className="c10"
            href="/"
            onClick={[Function]}
          >
            <span
              className="c11"
              color="grey4"
            >
              <div
                className="c12"
                color="primary"
              >
                <svg
                  viewBox="0 0 24 24"
                  xmlns="http://www.w3.org/2000/svg"
                >
                  <path
                    d="M15.78 11.28a.75.75 0 01.22.53v.38a.77.77 0 01-.22.53l-5.14 5.13a.5.5 0 01-.71 0l-.71-.71a.49.49 0 010-.7L13.67 12 9.22 7.56a.5.5 0 010-.71l.71-.7a.5.5 0 01.71 0z"
                  />
                </svg>
              </div>
            </span>
            <span
              className="c13 c14"
              color="grey4"
              fontSize="sm"
            >
              Progress
            </span>
          </a>
        </div>
      </div>
      <div
        className="c15 c16"
      >
        <span
          className="c17"
          color="grey3"
          fontSize="xs"
        >
          Digital Agility powered by saiyan
        </span>
      </div>
    </div>
  </div>,
]
`;
