// Jest Snapshot v1, https://goo.gl/fbAQLP

exports[`SimpleCarousel renders correctly 1`] = `
.c2 {
  display: -webkit-box;
  display: -webkit-flex;
  display: -ms-flexbox;
  display: flex;
  padding: 16px;
}

.c2 svg {
  width: 25px;
  height: 25px;
  -webkit-transform: rotate(180deg);
  -ms-transform: rotate(180deg);
  transform: rotate(180deg);
  fill: #FFFFFF;
}

.c2 svg g,
.c2 svg p {
  fill: #FFFFFF;
}

.c5 {
  display: -webkit-box;
  display: -webkit-flex;
  display: -ms-flexbox;
  display: flex;
  padding: 16px;
}

.c5 svg {
  width: 25px;
  height: 25px;
  -webkit-transform: rotate(0deg);
  -ms-transform: rotate(0deg);
  transform: rotate(0deg);
  fill: #FFFFFF;
}

.c5 svg g,
.c5 svg p {
  fill: #FFFFFF;
}

.c3 {
  outline: none;
}

.c0 {
  width: 100%;
  position: relative;
  margin: 0 auto;
}

.c0 .slick-slider {
  position: relative;
  display: block;
  box-sizing: border-box;
  -webkit-user-select: none;
  -moz-user-select: none;
  -ms-user-select: none;
  user-select: none;
  touch-action: pan-y;
  -webkit-tap-highlight-color: transparent;
}

.c0 .slick-slider .slick-list {
  position: relative;
  padding: 0 0 16px 0;
  -webkit-transform: translate3d(0,0,0);
  -ms-transform: translate3d(0,0,0);
  transform: translate3d(0,0,0);
  box-sizing: content-box;
  overflow: hidden;
  margin: 0;
}

.c0 .slick-slider .slick-list .slick-track {
  display: -webkit-box;
  display: -webkit-flex;
  display: -ms-flexbox;
  display: flex;
  -webkit-box-pack: center;
  -webkit-justify-content: center;
  -ms-flex-pack: center;
  justify-content: center;
  position: relative;
  top: 0;
  left: 0;
  -webkit-transform: translate3d(0,0,0);
  -ms-transform: translate3d(0,0,0);
  transform: translate3d(0,0,0);
  margin-left: 0;
  margin-right: auto;
}

.c0 .slick-slider .slick-list .slick-track .slick-slide {
  display: -webkit-box;
  display: -webkit-flex;
  display: -ms-flexbox;
  display: flex;
  -webkit-align-items: center;
  -webkit-box-align: center;
  -ms-flex-align: center;
  align-items: center;
  -webkit-box-pack: center;
  -webkit-justify-content: center;
  -ms-flex-pack: center;
  justify-content: center;
  -webkit-justify-content: center;
  height: auto;
  position: relative;
  float: left;
}

.c0 .slick-slider .slick-list .slick-track .slick-slide img {
  display: block;
  margin: auto;
  max-width: 100%;
}

.c0 .slick-slider .slick-list .slick-track .slick-slide > div {
  width: 100%;
  height: 100%;
  display: -webkit-box;
  display: -webkit-flex;
  display: -ms-flexbox;
  display: flex;
}

.c0 .slick-slider:hover .slick-next,
.c0 .slick-slider:hover .slick-prev {
  display: block !important;
}

.c0 .slick-slider:hover .slick-next {
  right: -1%;
}

.c0 .slick-slider:hover .slick-prev {
  left: -1%;
}

.c0 .slick-slider .slick-dots {
  position: absolute;
  top: 0;
  right: 8px;
  max-height: 16px;
  width: -webkit-fit-content;
  width: -moz-fit-content;
  width: fit-content;
  list-style: none;
  display: block;
  text-align: center;
  margin: -16px auto 0 auto;
}

.c0 .slick-slider .slick-dots li {
  position: relative;
  display: inline-block;
  padding: 0;
  margin-right: 16px;
}

.c0 .slick-slider .slick-dots li div {
  background-color: transparent;
  border-color: #00C8DC;
  border-radius: 8px;
  display: block;
  height: 8px;
  width: 8px;
  outline: none;
  color: transparent;
  border-style: solid;
  border-width: 1px;
  box-sizing: border-box;
}

.c0 .slick-slider .slick-dots li div:hover {
  cursor: pointer;
}

.c0 .slick-slider .slick-dots li.slick-active div {
  background: #00C8DC;
  opacity: 1;
}

.c0 .slick-arrow {
  z-index: 1;
  position: absolute;
  top: 50%;
  outline: 0;
  -webkit-transform: translateY( calc(-50% - 19px) );
  -ms-transform: translateY( calc(-50% - 19px) );
  transform: translateY( calc(-50% - 19px) );
  border: none;
}

.c0 .slick-arrow::before {
  content: unset;
}

.c0 .slick-arrow svg {
  position: relative;
}

.c0 .slick-arrow:hover {
  cursor: pointer;
}

.c0 .slick-arrow.slick-disabled {
  opacity: 0;
}

.c0 .slick-arrow.slick-disabled:hover {
  cursor: default;
}

.c0 .slick-arrow.slick-next {
  background: #000000;
  display: none !important;
  right: 3%;
  border-radius: 20px;
}

.c0 .slick-arrow.slick-next:hover {
  display: block !important;
}

.c0 .slick-arrow.slick-next svg {
  fill: #FFFFFF !important;
}

.c0 .slick-arrow.slick-prev {
  background: #000000;
  display: none !important;
  left: 3%;
  border-radius: 20px;
}

.c0 .slick-arrow.slick-prev:hover {
  display: block !important;
}

.c0 .slick-arrow.slick-prev svg {
  fill: #FFFFFF !important;
}

.c1 {
  position: absolute;
  background: #FFFFFF;
  fill: #333333;
  border-radius: 40px;
  box-shadow: 0 8px 10px 1px rgba(0,0,0,0.07),0 3px 14px 2px rgba(0,0,0,0.06),0 5px 5px -3px rgba(0,0,0,0.10);
  height: 56px;
  width: 56px;
  cursor: pointer;
  z-index: 3;
  display: none;
}

.c4 {
  position: relative;
  display: -webkit-box;
  display: -webkit-flex;
  display: -ms-flexbox;
  display: flex;
  width: 100%;
  max-width: 100%;
}

.c4 img {
  object-fit: cover;
}

@media screen and (-ms-high-contrast:active),screen and (-ms-high-contrast:none) {
  .c4 {
    max-width: 100%;
  }
}

@media screen and (-ms-high-contrast:active),screen and (-ms-high-contrast:none) {
  .c4 img {
    max-width: 100%;
    width: auto;
    height: auto;
  }
}

<div
  className="c0"
  onTouchEnd={[Function]}
  onTouchStart={[Function]}
>
  <div
    className="slick-slider slick-initialized"
    dir="ltr"
  >
    <div
      className="c1 slick-arrow slick-prev slick-disabled"
      data-role="none"
      onClick={null}
      style={
        Object {
          "display": "block",
        }
      }
    >
      <div
        className="c2"
        color="white"
        rotate={180}
      >
        <svg
          height={30}
          viewBox="0 0 24 24"
          width={30}
          xmlns="http://www.w3.org/2000/svg"
        >
          <path
            d="M15.78 11.28a.75.75 0 01.22.53v.38a.77.77 0 01-.22.53l-5.14 5.13a.5.5 0 01-.71 0l-.71-.71a.49.49 0 010-.7L13.67 12 9.22 7.56a.5.5 0 010-.71l.71-.7a.5.5 0 01.71 0z"
          />
        </svg>
      </div>
    </div>
    <div
      className="slick-list"
      onClick={[Function]}
      onKeyDown={[Function]}
      onMouseDown={[Function]}
      onMouseLeave={null}
      onMouseMove={null}
      onMouseUp={[Function]}
      onTouchCancel={null}
      onTouchEnd={[Function]}
      onTouchMove={null}
      onTouchStart={[Function]}
      style={Object {}}
    >
      <div
        className="slick-track"
        onMouseEnter={[Function]}
        onMouseLeave={[Function]}
        onMouseOver={[Function]}
        style={
          Object {
            "WebkitTransform": "translate3d(0px, 0px, 0px)",
            "WebkitTransition": "",
            "msTransform": "translateX(0px)",
            "opacity": 1,
            "transform": "translate3d(0px, 0px, 0px)",
            "transition": "",
          }
        }
      >
        <div
          aria-hidden={false}
          className="slick-slide slick-active slick-current"
          data-index={0}
          onClick={[Function]}
          style={
            Object {
              "outline": "none",
              "width": 0,
            }
          }
          tabIndex="-1"
        >
          <div>
            <div
              className="c3 ewb-slider--element"
              onClickCapture={[Function]}
              style={
                Object {
                  "display": "inline-block",
                  "width": "100%",
                }
              }
              tabIndex={-1}
            >
              <div>
                <div
                  className="c4"
                  width="100%"
                >
                  <picture
                    style={
                      Object {
                        "height": undefined,
                        "width": "100%",
                      }
                    }
                  >
                    <img
                      alt="featured-product-69001598"
                      loading="eager"
                      src="public/images/teasers/1.jpg"
                      width="100%"
                    />
                  </picture>
                </div>
              </div>
            </div>
          </div>
        </div>
        <div
          aria-hidden={true}
          className="slick-slide"
          data-index={1}
          onClick={[Function]}
          style={
            Object {
              "outline": "none",
              "width": 0,
            }
          }
          tabIndex="-1"
        >
          <div>
            <div
              className="c3 ewb-slider--element"
              onClickCapture={[Function]}
              style={
                Object {
                  "display": "inline-block",
                  "width": "100%",
                }
              }
              tabIndex={-1}
            >
              <div>
                <div
                  className="c4"
                  width="100%"
                >
                  <picture
                    style={
                      Object {
                        "height": undefined,
                        "width": "100%",
                      }
                    }
                  >
                    <img
                      alt="featured-product-69001599"
                      loading="eager"
                      src="public/images/teasers/02.jpg"
                      width="100%"
                    />
                  </picture>
                </div>
              </div>
            </div>
          </div>
        </div>
        <div
          aria-hidden={true}
          className="slick-slide"
          data-index={2}
          onClick={[Function]}
          style={
            Object {
              "outline": "none",
              "width": 0,
            }
          }
          tabIndex="-1"
        >
          <div>
            <div
              className="c3 ewb-slider--element"
              onClickCapture={[Function]}
              style={
                Object {
                  "display": "inline-block",
                  "width": "100%",
                }
              }
              tabIndex={-1}
            >
              <div>
                <div
                  className="c4"
                  width="100%"
                >
                  <picture
                    style={
                      Object {
                        "height": undefined,
                        "width": "100%",
                      }
                    }
                  >
                    <img
                      alt="featured-product-69001597"
                      loading="eager"
                      src="public/images/teasers/1.jpg"
                      width="100%"
                    />
                  </picture>
                </div>
              </div>
            </div>
          </div>
        </div>
        <div
          aria-hidden={true}
          className="slick-slide"
          data-index={3}
          onClick={[Function]}
          style={
            Object {
              "outline": "none",
              "width": 0,
            }
          }
          tabIndex="-1"
        >
          <div>
            <div
              className="c3 ewb-slider--element"
              onClickCapture={[Function]}
              style={
                Object {
                  "display": "inline-block",
                  "width": "100%",
                }
              }
              tabIndex={-1}
            >
              <div>
                <div
                  className="c4"
                  width="100%"
                >
                  <picture
                    style={
                      Object {
                        "height": undefined,
                        "width": "100%",
                      }
                    }
                  >
                    <img
                      alt="featured-product-76257815"
                      loading="eager"
                      src="public/images/teasers/04.jpg"
                      width="100%"
                    />
                  </picture>
                </div>
              </div>
            </div>
          </div>
        </div>
        <div
          aria-hidden={true}
          className="slick-slide"
          data-index={4}
          onClick={[Function]}
          style={
            Object {
              "outline": "none",
              "width": 0,
            }
          }
          tabIndex="-1"
        >
          <div>
            <div
              className="c3 ewb-slider--element"
              onClickCapture={[Function]}
              style={
                Object {
                  "display": "inline-block",
                  "width": "100%",
                }
              }
              tabIndex={-1}
            >
              <div>
                <div
                  className="c4"
                  width="100%"
                >
                  <picture
                    style={
                      Object {
                        "height": undefined,
                        "width": "100%",
                      }
                    }
                  >
                    <img
                      alt="featured-product-76257815"
                      loading="eager"
                      src="public/images/teasers/05.jpg"
                      width="100%"
                    />
                  </picture>
                </div>
              </div>
            </div>
          </div>
        </div>
      </div>
    </div>
    <div
      className="c1 slick-arrow slick-next"
      data-role="none"
      onClick={[Function]}
      style={
        Object {
          "display": "block",
        }
      }
    >
      <div
        className="c5"
        color="white"
        rotate={0}
      >
        <svg
          height={30}
          viewBox="0 0 24 24"
          width={30}
          xmlns="http://www.w3.org/2000/svg"
        >
          <path
            d="M15.78 11.28a.75.75 0 01.22.53v.38a.77.77 0 01-.22.53l-5.14 5.13a.5.5 0 01-.71 0l-.71-.71a.49.49 0 010-.7L13.67 12 9.22 7.56a.5.5 0 010-.71l.71-.7a.5.5 0 01.71 0z"
          />
        </svg>
      </div>
    </div>
    <ul
      className="slick-dots"
      onMouseEnter={null}
      onMouseLeave={null}
      onMouseOver={null}
      style={
        Object {
          "display": "block",
        }
      }
    >
      <li
        className="slick-active"
      >
        <div
          onClick={[Function]}
        />
      </li>
      <li
        className=""
      >
        <div
          onClick={[Function]}
        />
      </li>
      <li
        className=""
      >
        <div
          onClick={[Function]}
        />
      </li>
      <li
        className=""
      >
        <div
          onClick={[Function]}
        />
      </li>
      <li
        className=""
      >
        <div
          onClick={[Function]}
        />
      </li>
    </ul>
  </div>
</div>
`;
