// Jest Snapshot v1, https://goo.gl/fbAQLP

exports[`BackToTop renders corretly 1`] = `
.c4 {
  display: -webkit-box;
  display: -webkit-flex;
  display: -ms-flexbox;
  display: flex;
}

.c4 svg {
  width: 25px;
  height: 25px;
  -webkit-transform: rotate(270deg);
  -ms-transform: rotate(270deg);
  transform: rotate(270deg);
  fill: currentColor;
}

.c4 svg g,
.c4 svg p {
  fill: currentColor;
}

.c0 {
  display: -webkit-box;
  display: -webkit-flex;
  display: -ms-flexbox;
  display: flex;
  -webkit-box-pack: center;
  -webkit-justify-content: center;
  -ms-flex-pack: center;
  justify-content: center;
  -webkit-align-items: center;
  -webkit-box-align: center;
  -ms-flex-align: center;
  align-items: center;
  border-radius: 100%;
  box-sizing: border-box;
  outline: none;
  cursor: pointer;
  -webkit-appearance: none;
  -moz-appearance: none;
  appearance: none;
  -webkit-appearance: none;
  padding: 0;
  position: relative;
  -webkit-text-decoration: none;
  text-decoration: none;
  font-family: OswaldLight,Arial,sans-serif;
  font-weight: normal;
  font-size: 16px;
  height: 40px;
  width: -webkit-fit-content;
  width: -moz-fit-content;
  width: fit-content;
  box-shadow: none;
  width: 40px;
  height: 40px;
  background: #00C8DC;
  border: 2px solid #00C8DC;
  color: #FFFFFF;
}

.c0 .c3 {
  padding: 0 8px;
}

.c0 .Status-y46az8-0 {
  position: absolute;
  top: -6px;
  right: -6px;
}

.c0:hover {
  box-shadow: 0 8px 10px 1px rgba(0,0,0,0.07),0 3px 14px 2px rgba(0,0,0,0.06),0 5px 5px -3px rgba(0,0,0,0.10);
}

.c0:hover {
  background: #00b5c8;
  border: 2px solid #00b5c8;
}

.c0 > span {
  color: inherit;
  display: block;
  text-align: center;
  width: 100%;
}

.c5 {
  padding: 0;
  -webkit-box-pack: center;
  -webkit-justify-content: center;
  -ms-flex-pack: center;
  justify-content: center;
}

.c2 {
  position: fixed;
  bottom: 24px;
  top: auto;
  right: 24px;
  -webkit-transition: -webkit-transform 0.3s ease-in-out,box-shadow 0.3s ease-in-out,opacity 0.3s ease-in-out;
  -webkit-transition: transform 0.3s ease-in-out,box-shadow 0.3s ease-in-out,opacity 0.3s ease-in-out;
  transition: transform 0.3s ease-in-out,box-shadow 0.3s ease-in-out,opacity 0.3s ease-in-out;
  opacity: 1;
  display: inherit;
  z-index: 5;
  -webkit-transform: transform:translateX(0);
  -ms-transform: transform:translateX(0);
  transform: transform:translateX(0);
}

0.5 .c1:focus,
.c2:active {
  outline: none;
  border: none;
}

.c2:hover {
  box-shadow: 0 1px 1px 0 rgba(0,0,0,0.07),0 2px 1px -1px rgba(0,0,0,0.06),0 1px 3px 0 rgba(0,0,0,0.10);
}

@media (min-width:752px) {
  .c0 {
    width: 40px;
    height: 40px;
  }
}

<button
  aria-label="Back to top"
  className="c0 c1 c2"
  disabled={false}
  onClick={[Function]}
  size="sm"
  type="button"
>
  <div
    className="c3 c4 c5"
    rotate={270}
  >
    <svg
      fill="white"
      height={24}
      viewBox="0 0 24 24"
      width={24}
      xmlns="http://www.w3.org/2000/svg"
    >
      <path
        d="M15.78 11.28a.75.75 0 01.22.53v.38a.77.77 0 01-.22.53l-5.14 5.13a.5.5 0 01-.71 0l-.71-.71a.49.49 0 010-.7L13.67 12 9.22 7.56a.5.5 0 010-.71l.71-.7a.5.5 0 01.71 0z"
      />
    </svg>
  </div>
</button>
`;
