// Jest Snapshot v1, https://goo.gl/fbAQLP

exports[`Foldable should render 1`] = `
.c0 {
  overflow: hidden;
}

<div
  className="c0"
  data-test="foldable"
  onTransitionEnd={[Function]}
  style={
    Object {
      "height": "auto",
      "transition": "height 300ms linear",
    }
  }
>
  <div
    data-test="inner-foldable"
  >
    <div>
      HIDDEN
    </div>
  </div>
</div>
`;
