// Jest Snapshot v1, https://goo.gl/fbAQLP

exports[`ProgressBar renders basic 1`] = `
.c0 {
  display: inline-block;
  -webkit-appearance: none;
  -moz-appearance: none;
  appearance: none;
  position: relative;
  height: 15px;
  border: none;
  background: #E5E5E5;
  background-size: auto;
  width: 100%;
  overflow: hidden;
  color: #00C8DC;
}

.c0::-webkit-progress-value {
  background: #00C8DC;
}

.c0::-webkit-progress-bar {
  background: #E5E5E5;
}

.c0::-moz-progress-bar {
  background: #00C8DC;
}

.c0::-ms-fill {
  background: #00C8DC;
}

<progress
  className="c0"
  max={100}
  value={12}
/>
`;
