// Jest Snapshot v1, https://goo.gl/fbAQLP

exports[`Steps should render 1`] = `
.c1 {
  display: block;
  box-sizing: border-box;
  line-height: 1.43;
  overflow: hidden;
  padding: 24px;
  color: #000000;
  border: 1px solid #E5E5E5;
  background-color: undefined;
  border-top-width: 0px;
  border-right-width: 0px;
  border-bottom-width: 0px;
  border-left-width: 0px;
  height: 100%;
  width: 100%;
}

.c0 {
  position: relative;
  outline: none;
  width: 100%;
}

.c2 {
  display: -webkit-box;
  display: -webkit-flex;
  display: -ms-flexbox;
  display: flex;
  -webkit-flex-direction: row;
  -ms-flex-direction: row;
  flex-direction: row;
  -webkit-align-items: center;
  -webkit-box-align: center;
  -ms-flex-align: center;
  align-items: center;
}

@media (min-width:512px) {

}

<div
  className="c0"
>
  <div
    className="c1"
    display="block"
    elevation={0}
  >
    <div
      className="c2"
      display="flex"
    />
  </div>
</div>
`;
