// Jest Snapshot v1, https://goo.gl/fbAQLP

exports[`DropdownButton renders 1`] = `
.c3 {
  color: #666666;
  font-size: 16px;
  line-height: 24px;
  font-family: "Oswald","Raleway",Arial,sans-serif;
  font-weight: 700;
  -webkit-letter-spacing: normal;
  -moz-letter-spacing: normal;
  -ms-letter-spacing: normal;
  letter-spacing: normal;
}

.c0 {
  display: -webkit-box;
  display: -webkit-flex;
  display: -ms-flexbox;
  display: flex;
  -webkit-box-pack: center;
  -webkit-justify-content: center;
  -ms-flex-pack: center;
  justify-content: center;
  -webkit-align-items: center;
  -webkit-box-align: center;
  -ms-flex-align: center;
  align-items: center;
  border-radius: 4px;
  box-sizing: border-box;
  outline: none;
  cursor: pointer;
  -webkit-appearance: none;
  -moz-appearance: none;
  appearance: none;
  -webkit-appearance: none;
  padding: 12px 24px;
  position: relative;
  -webkit-text-decoration: none;
  text-decoration: none;
  font-family: "Oswald","Raleway",Arial,sans-serif;
  font-weight: normal;
  font-size: 16px;
  height: 48px;
  width: -webkit-fit-content;
  width: -moz-fit-content;
  width: fit-content;
  box-shadow: none;
  border: 2px solid #FFFFFF;
  background: #FFFFFF;
  color: #666666;
}

.c0 .Icon-sc-1ate1r7-0 {
  padding: 0 8px;
}

.c0 .Status-ekucpk-0 {
  position: absolute;
  top: -6px;
  right: -6px;
}

.c0:hover {
  box-shadow: 0 8px 10px 1px rgba(0,0,0,0.07),0 3px 14px 2px rgba(0,0,0,0.06),0 5px 5px -3px rgba(0,0,0,0.10);
}

.c0:hover {
  box-shadow: 0 8px 10px 1px rgba(0,0,0,0.07),0 3px 14px 2px rgba(0,0,0,0.06),0 5px 5px -3px rgba(0,0,0,0.10);
}

.c0 > span {
  color: inherit;
  display: block;
  text-align: center;
  width: 100%;
}

.c1 {
  padding: 0 8px;
  -webkit-align-items: center;
  -webkit-box-align: center;
  -ms-flex-align: center;
  align-items: center;
  background-color: transparent;
  border-color: transparent;
  border-radius: 4px;
  cursor: pointer;
}

.c1:active,
.c1:focus {
  outline: none;
}

.c1:hover {
  box-shadow: none;
}

.c1 .Icon-sc-1ate1r7-0 {
  padding: 0;
}

.c1::-moz-focus-inner {
  border: 0;
}

.c2 {
  display: -webkit-box;
  display: -webkit-flex;
  display: -ms-flexbox;
  display: flex;
  -webkit-flex-wrap: wrap;
  -ms-flex-wrap: wrap;
  flex-wrap: wrap;
}

.c4 {
  justify-self: start;
  white-space: nowrap;
}

@media screen and (-ms-high-contrast:active),screen and (-ms-high-contrast:none) {
  .c1 {
    width: 130px;
  }
}

<button
  className="c0 c1"
  disabled={false}
  onClick={[Function]}
  size="md"
  type="button"
>
  <div
    className="c2"
  >
    <span
      className="c3 c4"
      color="grey5"
      fontSize="sm"
    />
  </div>
</button>
`;
