// Jest Snapshot v1, https://goo.gl/fbAQLP

exports[`Button Should render cookie layer wrapper 1`] = `
.c6 {
  display: -webkit-box;
  display: -webkit-flex;
  display: -ms-flexbox;
  display: flex;
  -webkit-box-pack: center;
  -webkit-justify-content: center;
  -ms-flex-pack: center;
  justify-content: center;
  -webkit-align-items: center;
  -webkit-box-align: center;
  -ms-flex-align: center;
  align-items: center;
  border-radius: 4px;
  box-sizing: border-box;
  outline: none;
  cursor: pointer;
  -webkit-appearance: none;
  -moz-appearance: none;
  appearance: none;
  -webkit-appearance: none;
  padding: 12px 24px;
  position: relative;
  -webkit-text-decoration: none;
  text-decoration: none;
  font-family: OswaldLight,Arial,sans-serif;
  font-weight: normal;
  font-size: 16px;
  height: 48px;
  width: -webkit-fit-content;
  width: -moz-fit-content;
  width: fit-content;
  box-shadow: none;
  background: #00C8DC;
  border: 2px solid #00C8DC;
  color: #FFFFFF;
  color: #FFFFFF;
}

.c6 .Status-y46az8-0 {
  position: absolute;
  top: -6px;
  right: -6px;
}

.c6:hover {
  box-shadow: 0 8px 10px 1px rgba(0,0,0,0.07),0 3px 14px 2px rgba(0,0,0,0.06),0 5px 5px -3px rgba(0,0,0,0.10);
}

.c6 > span {
  color: inherit;
  display: block;
  text-align: center;
  width: 100%;
}

.c4 {
  margin: 0;
  font-size: 26px;
  line-height: 28px;
  font-family: OswaldLight,Arial,sans-serif;
  font-weight: 400;
  -webkit-letter-spacing: 0.4px;
  -moz-letter-spacing: 0.4px;
  -ms-letter-spacing: 0.4px;
  letter-spacing: 0.4px;
}

.c5 {
  margin: 8px 0 24px;
  color: #666666;
  font-size: 14px;
  line-height: 20px;
  font-family: OswaldLight,Arial,sans-serif;
  font-weight: 400;
  -webkit-letter-spacing: normal;
  -moz-letter-spacing: normal;
  -ms-letter-spacing: normal;
  letter-spacing: normal;
}

.c3 {
  -webkit-box-flex: 1;
  -webkit-flex-grow: 1;
  -ms-flex-positive: 1;
  flex-grow: 1;
  box-sizing: border-box;
  margin: calc(16px / 2);
  width: calc(100% - 16px);
  width: calc(100% - 16px);
}

.c1 {
  box-sizing: border-box;
  margin: 0 auto;
  max-width: 1472px;
  padding: 0 16px;
}

.c2 {
  display: -webkit-box;
  display: -webkit-flex;
  display: -ms-flexbox;
  display: flex;
  -webkit-flex-flow: row wrap;
  -ms-flex-flow: row wrap;
  flex-flow: row wrap;
  -webkit-align-items: stretch;
  -webkit-box-align: stretch;
  -ms-flex-align: stretch;
  align-items: stretch;
  margin: 0;
  margin-bottom: 16px;
}

.c0 {
  box-shadow: 0 3px 4px 0 rgba(0,0,0,0.07),0 3px 3px -2px rgba(0,0,0,0.06),0 1px 8px 0 rgba(0,0,0,0.10);
  position: fixed;
  bottom: 0;
  left: 0;
  width: 100%;
  padding: 16px;
  background: #FFFFFF;
  z-index: 200;
  box-sizing: border-box;
}

.c0 a {
  color: #666666;
}

.c0 a:hover {
  color: #00C8DC;
}

@supports (display:grid) {
  .c3 {
    margin: 0;
    width: auto;
    grid-column-end: span 4;
  }
}

@supports (display:grid) {
  .c3 {
    width: auto;
    grid-column-end: span 4;
  }
}

@media (min-width:512px) {
  .c3 {
    display: block;
    margin: calc(16px / 2);
    width: calc(50% - 16px);
    width: calc(100% - 16px);
  }
}

@media (min-width:752px) {
  .c3 {
    display: block;
    margin: calc(24px / 2);
    width: calc(50% - 24px);
    width: calc(100% - 24px);
  }
}

@media (min-width:1008px) {
  .c3 {
    display: block;
    margin: calc(24px / 2);
    width: calc(33.33333% - 24px);
    width: calc(100% - 24px);
  }
}

@media (min-width:1232px) {
  .c3 {
    display: block;
    margin: calc(24px / 2);
    width: calc(33.33333% - 24px);
    width: calc(100% - 24px);
  }
}

@media screen and (-ms-high-contrast:active),screen and (-ms-high-contrast:none) {

}

@media (min-width:512px) {
  .c1 {
    padding: 0 24px;
  }
}

@media (min-width:752px) {
  .c1 {
    padding: 0 32px;
  }
}

@media (min-width:1008px) {
  .c1 {
    padding: 0 48px;
  }
}

@media (min-width:1232px) {
  .c1 {
    padding: 0 64px;
  }
}

@media (min-width:512px) {
  .c2 {
    margin-bottom: 16px;
  }
}

@media (min-width:752px) {
  .c2 {
    margin-bottom: 24px;
  }
}

@media (min-width:1008px) {
  .c2 {
    margin-bottom: 24px;
  }
}

@media (min-width:1232px) {
  .c2 {
    margin-bottom: 24px;
  }
}

@supports (display:grid) {
  .c2 {
    display: grid;
    grid-gap: 16px;
    grid-template-columns: repeat(4,minmax(0,1fr));
  }
}

@media (min-width:512px) {

}

@media (min-width:752px) {

}

@media (min-width:1008px) {

}

@media (min-width:1232px) {

}

<div
  className="c0"
>
  <div
    className="c1"
  >
    <div
      className="c2"
    >
      <div
        className="c3"
      >
        <h2
          className="c4"
          fontFamily="default"
          fontSize="xl"
          spacing="base"
        >
          Willkommen auf mediamarkt.de!
        </h2>
        <p
          className="c5"
          color="grey5"
          dangerouslySetInnerHTML={
            Object {
              "__html": "Um Ihnen ein angenehmes Online-Erlebnis zu ermöglichen,
  setzen wir auf unserer Webseite Cookies ein. Durch das Weitersurfen auf mediamarkt.de
  erklären Sie sich mit der Verwendung von Cookies einverstanden. Detaillierte Informationen
  und wie Sie der Verwendung von Cookies jederzeit widersprechen können,
  finden Sie in unseren Datenschutzhinweisen „Cookies, Webanalyse-Dienste und Social Media“.",
            }
          }
          fontSize="xs"
        />
        <button
          className="c6"
          disabled={false}
          onClick={[Function]}
          size="md"
          type="button"
        >
          Einverstanden
        </button>
      </div>
    </div>
  </div>
</div>
`;
